// Jest Snapshot v1, https://goo.gl/fbAQLP

exports[`genereates schema 1`] = `
"type Query {
  ping: String!
  ping2: String!
  ping3: String!
  ping4: String!
}"
`;
